../Drivers/CMSIS/Include/core_cm4.h:2064:26:ITM_SendChar	16	static,ignoring_inline_asm
../Core/Src/main.c:96:5:_write	32	static
../Core/Src/main.c:111:5:main	88	static
../Core/Src/main.c:251:6:SystemClock_Config	88	static
../Core/Src/main.c:305:13:MX_TIM2_Init	48	static
../Core/Src/main.c:366:13:MX_TIM3_Init	48	static
../Core/Src/main.c:419:13:MX_USART1_UART_Init	8	static
../Core/Src/main.c:452:13:MX_GPIO_Init	48	static
../Core/Src/main.c:500:5:map_angle_to_pulse	16	static
../Core/Src/main.c:508:6:HAL_UART_RxCpltCallback	16	static
../Core/Src/main.c:555:6:StartUartReceiveTask	80	static
../Core/Src/main.c:598:6:StartServoControlTask	64	static
../Core/Src/main.c:630:6:HAL_TIM_PeriodElapsedCallback	16	static
../Core/Src/main.c:648:6:Error_Handler	4	static,ignoring_inline_asm
