../Drivers/CMSIS/Include/core_cm4.h:2064:26:ITM_SendChar	16	static,ignoring_inline_asm
../Core/Src/main.c:69:5:_write	32	static
../Core/Src/main.c:84:5:main	88	static
../Core/Src/main.c:177:6:SystemClock_Config	88	static
../Core/Src/main.c:231:13:MX_TIM2_Init	48	static
../Core/Src/main.c:292:13:MX_TIM3_Init	48	static
../Core/Src/main.c:345:13:MX_USART1_UART_Init	8	static
../Core/Src/main.c:378:13:MX_GPIO_Init	48	static
../Core/Src/main.c:426:5:map_angle_to_pulse	16	static
../Core/Src/main.c:434:6:HAL_UART_RxCpltCallback	16	static
../Core/Src/main.c:476:6:Error_Handler	4	static,ignoring_inline_asm
